// Jest Snapshot v1, https://goo.gl/fbAQLP

exports[`matches home snapshot 1`] = `
<div>
  <div
    className="main-screen mx-auto"
    data-testid="home-1"
  >
    <div
      className="main-screen container-fluid mx-2"
      data-testid="category-1"
    >
      <div
        className="row mt-5 mx-2"
      >
        <div
          className="col-md-3"
        >
          <button
            className="btn btn-info w-100 mb-4"
            onClick={[Function]}
          >
            All
          </button>
          <button
            className="btn btn-info w-100 mb-4"
            onClick={[Function]}
          >
            Series 1
          </button>
          <button
            className="btn btn-info w-100 mb-4"
            onClick={[Function]}
          >
            Series 2
          </button>
          <button
            className="btn btn-info w-100 mb-4"
            onClick={[Function]}
          >
            Series 3
          </button>
          <button
            className="btn btn-info w-100 mb-4"
            onClick={[Function]}
          >
            Series 4
          </button>
          <button
            className="btn btn-info w-100 mb-4"
            onClick={[Function]}
          >
            Series 5
          </button>
          <button
            className="btn btn-info w-100 mb-4"
            onClick={[Function]}
          >
            Series 6
          </button>
          <button
            className="btn btn-info w-100 mb-4"
            onClick={[Function]}
          >
            Series 7
          </button>
          <button
            className="btn btn-info w-100 mb-4"
            onClick={[Function]}
          >
            Special Edition
          </button>
        </div>
        <div
          className="col-md-9"
        >
          <div
            className="row"
          >
            <div
              className="col-md-4 mb-4"
            >
              <div
                className="card"
              >
                <img
                  alt="item"
                  className="card-img-top"
                  src="../image/mrsquiggles.jpg"
                />
                <div
                  className="card-body"
                >
                  <h5
                    className="card-title"
                  >
                    mr squiggles
                  </h5>
                  <p
                    className="card-text"
                  >
                    Mr Squiggles is brown and white with a pink nose
                  </p>
                  <p>
                    Price: $
                    220
                  </p>
                  <a
                    className="btn btn-dark"
                    href="/cart"
                  >
                    Add to Cart
                  </a>
                </div>
              </div>
            </div>
            <div
              className="col-md-4 mb-4"
            >
              <div
                className="card"
              >
                <img
                  alt="item"
                  className="card-img-top"
                  src="../image/pipsqueak.jpg"
                />
                <div
                  className="card-body"
                >
                  <h5
                    className="card-title"
                  >
                    pipsqueak
                  </h5>
                  <p
                    className="card-text"
                  >
                    Pipsqueak is yellow and white with a pink nose
                  </p>
                  <p>
                    Price: $
                    200
                  </p>
                  <a
                    className="btn btn-dark"
                    href="/cart"
                  >
                    Add to Cart
                  </a>
                </div>
              </div>
            </div>
            <div
              className="col-md-4 mb-4"
            >
              <div
                className="card"
              >
                <img
                  alt="item"
                  className="card-img-top"
                  src="../image/jilly.jpg"
                />
                <div
                  className="card-body"
                >
                  <h5
                    className="card-title"
                  >
                    jilly
                  </h5>
                  <p
                    className="card-text"
                  >
                    Jilly is pink and white with a pink nose
                  </p>
                  <p>
                    Price: $
                    200
                  </p>
                  <a
                    className="btn btn-dark"
                    href="/cart"
                  >
                    Add to Cart
                  </a>
                </div>
              </div>
            </div>
            <div
              className="col-md-4 mb-4"
            >
              <div
                className="card"
              >
                <img
                  alt="item"
                  className="card-img-top"
                  src="../image/moo.jpg"
                />
                <div
                  className="card-body"
                >
                  <h5
                    className="card-title"
                  >
                    moo
                  </h5>
                  <p
                    className="card-text"
                  >
                    Moo is black and white with a pink nose
                  </p>
                  <p>
                    Price: $
                    200
                  </p>
                  <a
                    className="btn btn-dark"
                    href="/cart"
                  >
                    Add to Cart
                  </a>
                </div>
              </div>
            </div>
            <div
              className="col-md-4 mb-4"
            >
              <div
                className="card"
              >
                <img
                  alt="item"
                  className="card-img-top"
                  src="../image/jinx.jpg"
                />
                <div
                  className="card-body"
                >
                  <h5
                    className="card-title"
                  >
                    jinx
                  </h5>
                  <p
                    className="card-text"
                  >
                    Jinx is grey and white with a pink nose
                  </p>
                  <p>
                    Price: $
                    200
                  </p>
                  <a
                    className="btn btn-dark"
                    href="/cart"
                  >
                    Add to Cart
                  </a>
                </div>
              </div>
            </div>
            <div
              className="col-md-4 mb-4"
            >
              <div
                className="card"
              >
                <img
                  alt="item"
                  className="card-img-top"
                  src="../image/dezel.jpg"
                />
                <div
                  className="card-body"
                >
                  <h5
                    className="card-title"
                  >
                    dezel
                  </h5>
                  <p
                    className="card-text"
                  >
                    Dezel is black and white with a pink nose
                  </p>
                  <p>
                    Price: $
                    200
                  </p>
                  <a
                    className="btn btn-dark"
                    href="/cart"
                  >
                    Add to Cart
                  </a>
                </div>
              </div>
            </div>
            <div
              className="col-md-4 mb-4"
            >
              <div
                className="card"
              >
                <img
                  alt="item"
                  className="card-img-top"
                  src="../image/harlow.jpg"
                />
                <div
                  className="card-body"
                >
                  <h5
                    className="card-title"
                  >
                    harlow
                  </h5>
                  <p
                    className="card-text"
                  >
                    Harlow is green and white with a pink nose
                  </p>
                  <p>
                    Price: $
                    200
                  </p>
                  <a
                    className="btn btn-dark"
                    href="/cart"
                  >
                    Add to Cart
                  </a>
                </div>
              </div>
            </div>
            <div
              className="col-md-4 mb-4"
            >
              <div
                className="card"
              >
                <img
                  alt="item"
                  className="card-img-top"
                  src="../image/pookie.jpg"
                />
                <div
                  className="card-body"
                >
                  <h5
                    className="card-title"
                  >
                    pookie
                  </h5>
                  <p
                    className="card-text"
                  >
                    Pookie is light pink and dark pink, with a pink nose
                  </p>
                  <p>
                    Price: $
                    200
                  </p>
                  <a
                    className="btn btn-dark"
                    href="/cart"
                  >
                    Add to Cart
                  </a>
                </div>
              </div>
            </div>
            <div
              className="col-md-4 mb-4"
            >
              <div
                className="card"
              >
                <img
                  alt="item"
                  className="card-img-top"
                  src="../image/yoyo.jpg"
                />
                <div
                  className="card-body"
                >
                  <h5
                    className="card-title"
                  >
                    yoyo
                  </h5>
                  <p
                    className="card-text"
                  >
                    Yoyo is grey with a pink nose
                  </p>
                  <p>
                    Price: $
                    200
                  </p>
                  <a
                    className="btn btn-dark"
                    href="/cart"
                  >
                    Add to Cart
                  </a>
                </div>
              </div>
            </div>
          </div>
        </div>
      </div>
    </div>
  </div>
</div>
`;
