// Jest Snapshot v1, https://goo.gl/fbAQLP

exports[`matches navbar snapshot 1`] = `
<div
  className="header"
  data-testid="navbar-1"
>
  <a
    href="/"
  >
    <img
      alt="logo"
      src="/images/logo.png"
    />
  </a>
  <div
    className="nav"
  >
    <div>
      <p
        className="contact mx-auto fs-2"
      >
        Contact Us: 1800 zhu zhu
      </p>
      <p
        className="contact mx-auto fs-5"
      >
        ****Free Delivery in Australia
           
      </p>
    </div>
    <a
      className="link btn wiki fs-5"
      href="https://en.wikipedia.org/wiki/ZhuZhu_Pets"
    >
      Learn More
    </a>
    <a
      className="link btn"
      href="/user/signin"
    >
      <img
        alt="signin"
        src="/images/signin.png"
      />
    </a>
    <a
      className="link btn"
      href="/user/signup"
    >
      <img
        alt="signup"
        src="/images/signup.png"
      />
    </a>
    <button
      className="link btn"
      onClick={[Function]}
    >
      <img
        alt="signout"
        src="/images/signout.png"
      />
    </button>
    <a
      className="link btn"
      href="/cart"
    >
      <img
        alt="cart"
        src="/images/cart.png"
      />
    </a>
  </div>
  <img
    alt="pet logo"
    className="pet-logo"
    src="/images/zhuzhu.png"
  />
  <mock-search
    data-testid="search-1"
  />
</div>
`;
