// Jest Snapshot v1, https://goo.gl/fbAQLP

exports[`matches navbar snapshot 1`] = `
<div
  className="header"
  data-testid="navbar-1"
>
  <a
    href="/"
  >
    <img
      alt="logo"
      className="img-fluid"
      src="/images/logo_sm.png"
    />
  </a>
  <div
    className="nav"
  >
    <a
      className="link btn wiki fs-4"
      href="https://en.wikipedia.org/wiki/ZhuZhu_Pets"
    >
      Learn More
    </a>
    <a
      className="link btn"
      href="/user/signin"
    >
      <img
        alt="signin"
        className="img-fluid"
        src="/images/signin.png"
      />
    </a>
    <a
      className="link btn"
      href="/user/signup"
    >
      <img
        alt="signup"
        className="img-fluid"
        src="/images/signup.png"
      />
    </a>
    <button
      className="link btn"
      onClick={[Function]}
    >
      <img
        alt="signout"
        className="img-fluid"
        src="/images/signout.png"
      />
    </button>
    <a
      className="link btn"
      href="/cart"
    >
      <img
        alt="cart"
        className="img-fluid"
        src="/images/cart.png"
      />
    </a>
  </div>
  <div
    className="contact"
  >
    <p
      className="fs-3"
    >
      Contact Us: 1800 zhu zhu
    </p>
    <p
      className="fs-5"
    >
      ****Free Delivery in Australia
    </p>
  </div>
  <img
    alt="pet logo"
    className="pet-logo img-fluid"
    src="/images/zhuzhu.png"
  />
  <mock-search
    data-testid="search-1"
  />
</div>
`;
